[30-Jul-2025 10:03:38 UTC] PHP Warning:  include_once(../../configs/authMiddleware.php): failed to open stream: No such file or directory in /var/www/html/parcel-management-system/controllers/user/authen_controller.php on line 8
[30-Jul-2025 10:03:38 UTC] PHP Warning:  include_once(): Failed opening '../../configs/authMiddleware.php' for inclusion (include_path='.:/usr/share/pear:/usr/share/php') in /var/www/html/parcel-management-system/controllers/user/authen_controller.php on line 8
[30-Jul-2025 10:03:38 UTC] PHP Warning:  include_once(../../configs/database.php): failed to open stream: No such file or directory in /var/www/html/parcel-management-system/controllers/user/authen_controller.php on line 10
[30-Jul-2025 10:03:38 UTC] PHP Warning:  include_once(): Failed opening '../../configs/database.php' for inclusion (include_path='.:/usr/share/pear:/usr/share/php') in /var/www/html/parcel-management-system/controllers/user/authen_controller.php on line 10
[30-Jul-2025 10:03:38 UTC] PHP Warning:  include_once(../../models/user/authen_model.php): failed to open stream: No such file or directory in /var/www/html/parcel-management-system/controllers/user/authen_controller.php on line 12
[30-Jul-2025 10:03:38 UTC] PHP Warning:  include_once(): Failed opening '../../models/user/authen_model.php' for inclusion (include_path='.:/usr/share/pear:/usr/share/php') in /var/www/html/parcel-management-system/controllers/user/authen_controller.php on line 12
[30-Jul-2025 10:03:38 UTC] PHP Warning:  include_once(../../models/user/branch_model.php): failed to open stream: No such file or directory in /var/www/html/parcel-management-system/controllers/user/authen_controller.php on line 13
[30-Jul-2025 10:03:38 UTC] PHP Warning:  include_once(): Failed opening '../../models/user/branch_model.php' for inclusion (include_path='.:/usr/share/pear:/usr/share/php') in /var/www/html/parcel-management-system/controllers/user/authen_controller.php on line 13
[30-Jul-2025 10:03:38 UTC] PHP Warning:  include_once(../../models/user/depart_model.php): failed to open stream: No such file or directory in /var/www/html/parcel-management-system/controllers/user/authen_controller.php on line 14
[30-Jul-2025 10:03:38 UTC] PHP Warning:  include_once(): Failed opening '../../models/user/depart_model.php' for inclusion (include_path='.:/usr/share/pear:/usr/share/php') in /var/www/html/parcel-management-system/controllers/user/authen_controller.php on line 14
[30-Jul-2025 10:03:38 UTC] PHP Warning:  include_once(../../models/user/position_model.php): failed to open stream: No such file or directory in /var/www/html/parcel-management-system/controllers/user/authen_controller.php on line 15
[30-Jul-2025 10:03:38 UTC] PHP Warning:  include_once(): Failed opening '../../models/user/position_model.php' for inclusion (include_path='.:/usr/share/pear:/usr/share/php') in /var/www/html/parcel-management-system/controllers/user/authen_controller.php on line 15
[30-Jul-2025 10:03:38 UTC] PHP Warning:  include_once(../../models/user/role_model.php): failed to open stream: No such file or directory in /var/www/html/parcel-management-system/controllers/user/authen_controller.php on line 16
[30-Jul-2025 10:03:38 UTC] PHP Warning:  include_once(): Failed opening '../../models/user/role_model.php' for inclusion (include_path='.:/usr/share/pear:/usr/share/php') in /var/www/html/parcel-management-system/controllers/user/authen_controller.php on line 16
[30-Jul-2025 10:03:38 UTC] PHP Warning:  include_once(../../models/user/province_model.php): failed to open stream: No such file or directory in /var/www/html/parcel-management-system/controllers/user/authen_controller.php on line 17
[30-Jul-2025 10:03:38 UTC] PHP Warning:  include_once(): Failed opening '../../models/user/province_model.php' for inclusion (include_path='.:/usr/share/pear:/usr/share/php') in /var/www/html/parcel-management-system/controllers/user/authen_controller.php on line 17
[30-Jul-2025 10:03:38 UTC] PHP Warning:  include_once(../../models/user/area_model.php): failed to open stream: No such file or directory in /var/www/html/parcel-management-system/controllers/user/authen_controller.php on line 18
[30-Jul-2025 10:03:38 UTC] PHP Warning:  include_once(): Failed opening '../../models/user/area_model.php' for inclusion (include_path='.:/usr/share/pear:/usr/share/php') in /var/www/html/parcel-management-system/controllers/user/authen_controller.php on line 18
[30-Jul-2025 10:03:38 UTC] PHP Warning:  include_once(../../models/user/head_office_model.php): failed to open stream: No such file or directory in /var/www/html/parcel-management-system/controllers/user/authen_controller.php on line 19
[30-Jul-2025 10:03:38 UTC] PHP Warning:  include_once(): Failed opening '../../models/user/head_office_model.php' for inclusion (include_path='.:/usr/share/pear:/usr/share/php') in /var/www/html/parcel-management-system/controllers/user/authen_controller.php on line 19
[30-Jul-2025 10:03:38 UTC] PHP Warning:  include_once(../../models/user/user_model.php): failed to open stream: No such file or directory in /var/www/html/parcel-management-system/controllers/user/authen_controller.php on line 20
[30-Jul-2025 10:03:38 UTC] PHP Warning:  include_once(): Failed opening '../../models/user/user_model.php' for inclusion (include_path='.:/usr/share/pear:/usr/share/php') in /var/www/html/parcel-management-system/controllers/user/authen_controller.php on line 20
[30-Jul-2025 10:03:38 UTC] PHP Warning:  include_once(../../models/user/level_model.php): failed to open stream: No such file or directory in /var/www/html/parcel-management-system/controllers/user/authen_controller.php on line 21
[30-Jul-2025 10:03:38 UTC] PHP Warning:  include_once(): Failed opening '../../models/user/level_model.php' for inclusion (include_path='.:/usr/share/pear:/usr/share/php') in /var/www/html/parcel-management-system/controllers/user/authen_controller.php on line 21
[30-Jul-2025 10:03:38 UTC] PHP Fatal error:  Uncaught Error: Class 'Database' not found in /var/www/html/parcel-management-system/controllers/user/authen_controller.php:38
Stack trace:
#0 /var/www/html/parcel-management-system/controllers/user/authen_controller.php(194): AuthenController->__construct()
#1 Command line code(1): include('/var/www/html/p...')
#2 {main}
  thrown in /var/www/html/parcel-management-system/controllers/user/authen_controller.php on line 38
